Running nvme/054
Register
gen       : 0
rtype     : 0
regctl    : 0
NVME Reservation  success
gen       : 1
rtype     : 0
regctl    : 1
regctlext[0] :
  cntlid     : ffff
  rcsts      : 0
  rkey       : 4
Replace
NVME Reservation  success
gen       : 2
rtype     : 0
regctl    : 1
regctlext[0] :
  cntlid     : ffff
  rcsts      : 0
  rkey       : 5
Unregister
NVME Reservation  success
gen       : 3
rtype     : 0
regctl    : 0
Acquire
NVME Reservation  success
NVME Reservation Acquire success
gen       : 4
rtype     : 1
regctl    : 1
regctlext[0] :
  cntlid     : ffff
  rcsts      : 1
  rkey       : 4
Preempt
NVME Reservation Acquire success
gen       : 5
rtype     : 2
regctl    : 1
regctlext[0] :
  cntlid     : ffff
  rcsts      : 1
  rkey       : 4
Release
NVME Reservation Release success
gen       : 5
rtype     : 0
regctl    : 1
regctlext[0] :
  cntlid     : ffff
  rcsts      : 0
  rkey       : 4
Clear
NVME Reservation Acquire success
gen       : 5
rtype     : 1
regctl    : 1
regctlext[0] :
  cntlid     : ffff
  rcsts      : 1
  rkey       : 4
NVME Reservation Release success
disconnected 1 controller(s)
Test complete
