Running nvme/065
disconnected 1 controller(s)
disconnected 1 controller(s)
Test complete
