Running nvme/066
Initial SED state:
Locking Features:
	Locking Supported               : yes
	Locking Feature Enabled         : no
	Locked                          : no
Initializing SED...
SED initialization successful
Locking device...
Device locked successfully
Unlocking device...
Device unlocked successfully
Changing password...
Reverting SED...
SED revert successful
Destructive revert SED...
Destructive revert successful
Test complete
