Running scsi/009
TEST 1 - Verify sysfs atomic attributes - pass
TEST 2 - check scsi_debug atomic_wr_max_length is the same as sysfs atomic_write_max_bytes - pass
TEST 3 - check sysfs atomic_write_unit_max_bytes <= scsi_debug atomic_wr_max_length - pass
TEST 4 - check sysfs atomic_write_unit_min_bytes = scsi_debug atomic_wr_gran - pass
TEST 5 - check statx stx_atomic_write_unit_min - pass
TEST 6 - check statx stx_atomic_write_unit_max - pass
TEST 7 - perform a pwritev2 with size of sysfs_atomic_unit_max_bytes with RWF_ATOMIC flag - pwritev2 should be succesful - pass
TEST 8 - perform a pwritev2 with size of sysfs_atomic_unit_max_bytes + 512 bytes with RWF_ATOMIC flag - pwritev2 should not be succesful - pass
TEST 9 - perform a pwritev2 with size of sysfs_atomic_unit_min_bytes with RWF_ATOMIC flag - pwritev2 should be succesful - pass
pwrite: Invalid argument
TEST 10 - perform a pwritev2 with a size of sysfs_atomic_unit_min_bytes - 512 bytes with RWF_ATOMIC flag - pwritev2 should fail - pass
Test complete
