Running md/002
TEST 1 RAID 0 - Verify md sysfs atomic attributes matches scsi - pass
TEST 2 RAID 0 - Verify sysfs atomic attributes - pass
TEST 3 RAID 0 - Verify md sysfs_atomic_max_bytes is less than or equal scsi sysfs_atomic_max_bytes - pass
TEST 4 RAID 0 - check sysfs atomic_write_unit_max_bytes <= scsi_debug atomic_wr_max_length - pass
TEST 5 RAID 0 - check sysfs atomic_write_unit_min_bytes = scsi_debug atomic_wr_gran - pass
TEST 6 RAID 0 - check statx stx_atomic_write_unit_min - pass
TEST 7 RAID 0 - check statx stx_atomic_write_unit_max - pass
TEST 8 RAID 0 - perform a pwritev2 with size of sysfs_atomic_unit_max_bytes with RWF_ATOMIC flag - pwritev2 should be succesful - pass
pwrite: Invalid argument
TEST 9 RAID 0 - perform a pwritev2 with size of sysfs_atomic_unit_max_bytes + 512 bytes with RWF_ATOMIC flag - pwritev2 should not be succesful - pass
TEST 10 RAID 0 - perform a pwritev2 with size of sysfs_atomic_unit_min_bytes with RWF_ATOMIC flag - pwritev2 should be succesful - pass
pwrite: Invalid argument
TEST 11 RAID 0 - perform a pwritev2 with a size of sysfs_atomic_unit_min_bytes - 512 bytes with RWF_ATOMIC flag - pwritev2 should fail - pass
TEST 12 RAID 0 - Verify chunk size  - pass
TEST 1 RAID 1 - Verify md sysfs atomic attributes matches scsi - pass
TEST 2 RAID 1 - Verify sysfs atomic attributes - pass
TEST 3 RAID 1 - Verify md sysfs_atomic_max_bytes is less than or equal scsi sysfs_atomic_max_bytes - pass
TEST 4 RAID 1 - check sysfs atomic_write_unit_max_bytes <= scsi_debug atomic_wr_max_length - pass
TEST 5 RAID 1 - check sysfs atomic_write_unit_min_bytes = scsi_debug atomic_wr_gran - pass
TEST 6 RAID 1 - check statx stx_atomic_write_unit_min - pass
TEST 7 RAID 1 - check statx stx_atomic_write_unit_max - pass
TEST 8 RAID 1 - perform a pwritev2 with size of sysfs_atomic_unit_max_bytes with RWF_ATOMIC flag - pwritev2 should be succesful - pass
pwrite: Invalid argument
TEST 9 RAID 1 - perform a pwritev2 with size of sysfs_atomic_unit_max_bytes + 512 bytes with RWF_ATOMIC flag - pwritev2 should not be succesful - pass
TEST 10 RAID 1 - perform a pwritev2 with size of sysfs_atomic_unit_min_bytes with RWF_ATOMIC flag - pwritev2 should be succesful - pass
pwrite: Invalid argument
TEST 11 RAID 1 - perform a pwritev2 with a size of sysfs_atomic_unit_min_bytes - 512 bytes with RWF_ATOMIC flag - pwritev2 should fail - pass
TEST 1 RAID 10 - Verify md sysfs atomic attributes matches scsi - pass
TEST 2 RAID 10 - Verify sysfs atomic attributes - pass
TEST 3 RAID 10 - Verify md sysfs_atomic_max_bytes is less than or equal scsi sysfs_atomic_max_bytes - pass
TEST 4 RAID 10 - check sysfs atomic_write_unit_max_bytes <= scsi_debug atomic_wr_max_length - pass
TEST 5 RAID 10 - check sysfs atomic_write_unit_min_bytes = scsi_debug atomic_wr_gran - pass
TEST 6 RAID 10 - check statx stx_atomic_write_unit_min - pass
TEST 7 RAID 10 - check statx stx_atomic_write_unit_max - pass
TEST 8 RAID 10 - perform a pwritev2 with size of sysfs_atomic_unit_max_bytes with RWF_ATOMIC flag - pwritev2 should be succesful - pass
pwrite: Invalid argument
TEST 9 RAID 10 - perform a pwritev2 with size of sysfs_atomic_unit_max_bytes + 512 bytes with RWF_ATOMIC flag - pwritev2 should not be succesful - pass
TEST 10 RAID 10 - perform a pwritev2 with size of sysfs_atomic_unit_min_bytes with RWF_ATOMIC flag - pwritev2 should be succesful - pass
pwrite: Invalid argument
TEST 11 RAID 10 - perform a pwritev2 with a size of sysfs_atomic_unit_min_bytes - 512 bytes with RWF_ATOMIC flag - pwritev2 should fail - pass
TEST 12 RAID 10 - Verify chunk size  - pass
Test complete
